// Jest Snapshot v1, https://goo.gl/fbAQLP

exports[`FeedBackDetail  renders the correct JSX  1`] = `
<div
  className="FeedBackDetail"
>
  <div
    className="FeedBackDetail__header"
  >
    <button
      className="BackBtn"
      onClick={[Function]}
      style={
        {
          "color": "#647196",
        }
      }
    >
      <svg
        height="10"
        width="7"
        xmlns="http://www.w3.org/2000/svg"
      >
        <path
          d="M6 9L2 5l4-4"
          fill="none"
          fillRule="evenodd"
          stroke="#4661E6"
          strokeWidth="2"
        />
      </svg>
      <span>
        Go Back
      </span>
    </button>
    <a
      className="FeedBackDetail__link"
      href="/edit/2"
      onClick={[Function]}
    >
      Edit Feedback
    </a>
  </div>
  <a
    className="FeedBackPost"
    href="/feedbackdetail/2"
    onClick={[Function]}
    style={
      {
        "textDecoration": "none",
      }
    }
  >
    <div
      className="FeedBackPost__score"
    >
      <button
        className="ScoreButton"
        disabled={false}
        onClick={[Function]}
        style={
          {
            "cursor": "pointer",
          }
        }
      >
        <svg
          height="7"
          style={
            {
              "stroke": "#4661E6",
            }
          }
          width="10"
          xmlns="http://www.w3.org/2000/svg"
        >
          <path
            d="M1 6l4-4 4 4"
            fill="none"
            fillRule="evenodd"
            strokeWidth="2"
          />
        </svg>
        <span>
          99
        </span>
      </button>
    </div>
    <div
      className="FeedBackPost__text"
    >
      <h3
        className="FeedBackPost__header"
      >
        Add a dark theme option
      </h3>
      <p
        className="FeedBackPost__paragraph"
      >
        It would help people with light sensitivities and who prefer dark mode.
      </p>
      <button
        className="Tag"
        disabled={true}
        onClick={[Function]}
        style={
          {
            "backgroundColor": "#f2f4ff",
            "cursor": "text",
          }
        }
      >
        feature
      </button>
    </div>
    <div
      className="FeedBackPost__comments"
    >
      <div
        className="PostComments"
      >
        <img
          alt=""
          height={16}
          width={18}
        />
        <p
          style={{}}
        >
          2
        </p>
      </div>
    </div>
  </a>
  <div
    className="CommentList"
  >
    <h4
      className="CommentList__header"
    >
      2
       Comments
    </h4>
    <div
      className="CommentPost"
    >
      <img
        alt=""
        className="CommentPost__avatar"
        height={40}
        src="file:///C:/Users/abrha/Desktop/FrontEnd%20Mentor/Guru/product-feedback/product-feedback-app/src/assets/user-images/image-elijah.jpg"
        width={40}
      />
      <div
        className="CommentPost__info"
      >
        <h5
          className="CommentPost__name"
        >
          Elijah Moss
        </h5>
        <p
          className="CommentPost__username"
        >
          @
          hexagon.bestagon
        </p>
      </div>
      <button
        className="CommentPost__btn-get"
        onClick={[Function]}
      >
        Replay
      </button>
      <p
        className="CommentPost__description"
      >
        <span
          className="CommentPost__replayto"
        />
        Also, please allow styles to be applied based on system preferences. I would love to be able to browse Frontend Mentor in the evening after my device’s dark mode turns on without the bright background it currently has.
      </p>
    </div>
    <hr
      className="CommentList__line"
    />
    <div
      className="CommentPostWithReplay"
    >
      <hr
        className="CommentPostWithReplay__line"
        style={
          {
            "height": "266px",
          }
        }
      />
      <div
        className="CommentPostWithReplay__comment"
      >
        <div
          className="CommentPost"
        >
          <img
            alt=""
            className="CommentPost__avatar"
            height={40}
            src="file:///C:/Users/abrha/Desktop/FrontEnd%20Mentor/Guru/product-feedback/product-feedback-app/src/assets/user-images/image-james.jpg"
            width={40}
          />
          <div
            className="CommentPost__info"
          >
            <h5
              className="CommentPost__name"
            >
              James Skinner
            </h5>
            <p
              className="CommentPost__username"
            >
              @
              hummingbird1
            </p>
          </div>
          <button
            className="CommentPost__btn-get"
            onClick={[Function]}
          >
            Replay
          </button>
          <p
            className="CommentPost__description"
          >
            <span
              className="CommentPost__replayto"
            />
            Second this! I do a lot of late night coding and reading. Adding a dark theme can be great for preventing eye strain and the headaches that result. It’s also quite a trend with modern apps and  apparently saves battery life.
          </p>
        </div>
      </div>
      <div
        className="CommentPostWithReplay__replies"
      >
        <div
          className="CommentPost"
        >
          <img
            alt=""
            className="CommentPost__avatar"
            height={40}
            src="file:///C:/Users/abrha/Desktop/FrontEnd%20Mentor/Guru/product-feedback/product-feedback-app/src/assets/user-images/image-anne.jpg"
            width={40}
          />
          <div
            className="CommentPost__info"
          >
            <h5
              className="CommentPost__name"
            >
              Anne Valentine
            </h5>
            <p
              className="CommentPost__username"
            >
              @
              annev1990
            </p>
          </div>
          <button
            className="CommentPost__btn-get"
            onClick={[Function]}
          >
            Replay
          </button>
          <p
            className="CommentPost__description"
          >
            <span
              className="CommentPost__replayto"
            >
              @hummingbird1 
            </span>
            While waiting for dark mode, there are browser extensions that will also do the job. Search for 'dark theme' followed by your browser. There might be a need to turn off the extension for sites with naturally black backgrounds though.
          </p>
        </div>
        <div
          className="CommentPost"
        >
          <img
            alt=""
            className="CommentPost__avatar"
            height={40}
            src="file:///C:/Users/abrha/Desktop/FrontEnd%20Mentor/Guru/product-feedback/product-feedback-app/src/assets/user-images/image-ryan.jpg"
            width={40}
          />
          <div
            className="CommentPost__info"
          >
            <h5
              className="CommentPost__name"
            >
              Ryan Welles
            </h5>
            <p
              className="CommentPost__username"
            >
              @
              voyager.344
            </p>
          </div>
          <button
            className="CommentPost__btn-get"
            onClick={[Function]}
          >
            Replay
          </button>
          <p
            className="CommentPost__description"
          >
            <span
              className="CommentPost__replayto"
            >
              @annev1990 
            </span>
            Good point! Using any kind of style extension is great and can be highly customizable, like the ability to change contrast and brightness. I'd prefer not to use one of such extensions, however, for security and privacy reasons.
          </p>
        </div>
      </div>
    </div>
    <hr
      className="CommentList__line"
    />
  </div>
  <form
    className="AddComment"
    onSubmit={[Function]}
  >
    <label
      className="AddComment__header"
      htmlFor="comment"
    >
      Add Comment
    </label>
    <textarea
      className="AddComment__input"
      id="comment"
      maxLength={250}
      name="comment"
      onChange={[Function]}
      placeholder="Type your comment here"
      value=""
    />
    <div
      className="AddComment__box"
    >
      <p
        className="AddComment__char"
      >
        250
         Characters left
      </p>
      <button
        className="AddComment__btn"
        type="submit"
      >
        Post Comment
      </button>
    </div>
  </form>
</div>
`;
