// Jest Snapshot v1, https://goo.gl/fbAQLP

exports[`RoadMap renders the correct JSX on first mount 1`] = `
<div
  className="RoadMap"
>
  <div
    className="RoadMap__header"
  >
    <div
      className="RoadMap__header-box"
    >
      <button
        className="BackBtn"
        onClick={[Function]}
        style={
          {
            "color": "#fff",
          }
        }
      >
        <svg
          height="10"
          width="7"
          xmlns="http://www.w3.org/2000/svg"
        >
          <path
            d="M6 9L2 5l4-4"
            fill="none"
            fillRule="evenodd"
            stroke="#CDD2EE"
            strokeWidth="2"
          />
        </svg>
        <span>
          Go Back
        </span>
      </button>
      <h2
        className="RoadMap__heading"
      >
        Roadmap
      </h2>
    </div>
    <a
      className="AddBtn"
      href="/add"
      onClick={[Function]}
    >
      <svg
        fill="#F2F4FE"
        height="12"
        viewBox="0 -960 960 960"
        width="12"
        xmlns="http://www.w3.org/2000/svg"
      >
        <path
          d="M417-417H166v-126h251v-251h126v251h251v126H543v251H417v-251Z"
        />
      </svg>
      <span>
        Add Feedback
      </span>
    </a>
  </div>
  <div
    className="RoadMap__tab-content"
  >
    <menu
      className="RoadMapTabs"
    >
      <li
        className="RoadMapTabs__item"
      >
        <button
          className="RoadMapTabs__btn"
          onClick={[Function]}
          style={{}}
        >
          Planned
           (
          2
          )
        </button>
      </li>
      <li
        className="RoadMapTabs__item"
      >
        <button
          className="RoadMapTabs__btn"
          onClick={[Function]}
          style={{}}
        >
          In-Progress
           (
          3
          )
        </button>
      </li>
      <li
        className="RoadMapTabs__item"
      >
        <button
          className="RoadMapTabs__btn"
          onClick={[Function]}
          style={{}}
        >
          Live
           (
          1
          )
        </button>
      </li>
    </menu>
    <div
      className="RoadMap__content"
    >
      <div
        className="RoadMapDetail"
      >
        <div
          className="RoadMapDetail__header"
        >
          <h3
            className="RoadMapDetail__heading"
          >
            Planned
             (
            2
            )
          </h3>
          <p
            className="RoadMapDetail__paragraph"
          >
            Ideas prioritized for research
          </p>
        </div>
        <div
          className="RoadMapDetail__content"
        >
          <a
            className="RoadMapPost"
            href="/feedbackdetail/7"
            onClick={[Function]}
            style={
              {
                "borderTop": "6px solid #F49F85",
              }
            }
          >
            <div
              className="RoadMapPost__header"
            >
              <h3
                className="RoadMapPost__heading"
              >
                <span
                  className="RoadMapPost__heading-disc"
                  style={
                    {
                      "backgroundColor": "#F49F85",
                    }
                  }
                />
                planned
              </h3>
              <h4
                className="RoadMapPost__sub-heading"
              >
                More comprehensive reports
              </h4>
              <p>
                It would be great to see a more detailed breakdown of solutions.
              </p>
            </div>
            <button
              className="Tag"
              disabled={true}
              onClick={[Function]}
              style={
                {
                  "backgroundColor": "#f2f4ff",
                  "cursor": "text",
                }
              }
            >
              feature
            </button>
            <div
              className="RoadMapPost__sub-content"
            >
              <button
                className="ScoreButton ScoreButton--road-map"
                disabled={false}
                onClick={[Function]}
                style={
                  {
                    "cursor": "pointer",
                  }
                }
              >
                <svg
                  height="7"
                  style={
                    {
                      "stroke": "#4661E6",
                    }
                  }
                  width="10"
                  xmlns="http://www.w3.org/2000/svg"
                >
                  <path
                    d="M1 6l4-4 4 4"
                    fill="none"
                    fillRule="evenodd"
                    strokeWidth="2"
                  />
                </svg>
                <span>
                  123
                </span>
              </button>
              <div
                className="PostComments"
              >
                <img
                  alt=""
                  height={16}
                  width={18}
                />
                <p
                  style={{}}
                >
                  2
                </p>
              </div>
            </div>
          </a>
          <a
            className="RoadMapPost"
            href="/feedbackdetail/8"
            onClick={[Function]}
            style={
              {
                "borderTop": "6px solid #F49F85",
              }
            }
          >
            <div
              className="RoadMapPost__header"
            >
              <h3
                className="RoadMapPost__heading"
              >
                <span
                  className="RoadMapPost__heading-disc"
                  style={
                    {
                      "backgroundColor": "#F49F85",
                    }
                  }
                />
                planned
              </h3>
              <h4
                className="RoadMapPost__sub-heading"
              >
                Learning paths
              </h4>
              <p>
                Sequenced projects for different goals to help people improve.
              </p>
            </div>
            <button
              className="Tag"
              disabled={true}
              onClick={[Function]}
              style={
                {
                  "backgroundColor": "#f2f4ff",
                  "cursor": "text",
                }
              }
            >
              feature
            </button>
            <div
              className="RoadMapPost__sub-content"
            >
              <button
                className="ScoreButton ScoreButton--road-map"
                disabled={false}
                onClick={[Function]}
                style={
                  {
                    "cursor": "pointer",
                  }
                }
              >
                <svg
                  height="7"
                  style={
                    {
                      "stroke": "#4661E6",
                    }
                  }
                  width="10"
                  xmlns="http://www.w3.org/2000/svg"
                >
                  <path
                    d="M1 6l4-4 4 4"
                    fill="none"
                    fillRule="evenodd"
                    strokeWidth="2"
                  />
                </svg>
                <span>
                  28
                </span>
              </button>
              <div
                className="PostComments"
              >
                <img
                  alt=""
                  height={16}
                  width={18}
                />
                <p
                  style={{}}
                >
                  1
                </p>
              </div>
            </div>
          </a>
        </div>
      </div>
      <div
        className="RoadMapDetail"
      >
        <div
          className="RoadMapDetail__header"
        >
          <h3
            className="RoadMapDetail__heading"
          >
            In-Progress
             (
            3
            )
          </h3>
          <p
            className="RoadMapDetail__paragraph"
          >
            Currently being developed
          </p>
        </div>
        <div
          className="RoadMapDetail__content"
        >
          <a
            className="RoadMapPost"
            href="/feedbackdetail/9"
            onClick={[Function]}
            style={
              {
                "borderTop": "6px solid #AD1FEA",
              }
            }
          >
            <div
              className="RoadMapPost__header"
            >
              <h3
                className="RoadMapPost__heading"
              >
                <span
                  className="RoadMapPost__heading-disc"
                  style={
                    {
                      "backgroundColor": "#AD1FEA",
                    }
                  }
                />
                in-progress
              </h3>
              <h4
                className="RoadMapPost__sub-heading"
              >
                One-click portfolio generation
              </h4>
              <p>
                Add ability to create professional looking portfolio from profile.
              </p>
            </div>
            <button
              className="Tag"
              disabled={true}
              onClick={[Function]}
              style={
                {
                  "backgroundColor": "#f2f4ff",
                  "cursor": "text",
                }
              }
            >
              feature
            </button>
            <div
              className="RoadMapPost__sub-content"
            >
              <button
                className="ScoreButton ScoreButton--road-map"
                disabled={false}
                onClick={[Function]}
                style={
                  {
                    "cursor": "pointer",
                  }
                }
              >
                <svg
                  height="7"
                  style={
                    {
                      "stroke": "#4661E6",
                    }
                  }
                  width="10"
                  xmlns="http://www.w3.org/2000/svg"
                >
                  <path
                    d="M1 6l4-4 4 4"
                    fill="none"
                    fillRule="evenodd"
                    strokeWidth="2"
                  />
                </svg>
                <span>
                  62
                </span>
              </button>
              <div
                className="PostComments"
              >
                <img
                  alt=""
                  height={16}
                  width={18}
                />
                <p
                  style={{}}
                >
                  1
                </p>
              </div>
            </div>
          </a>
          <a
            className="RoadMapPost"
            href="/feedbackdetail/10"
            onClick={[Function]}
            style={
              {
                "borderTop": "6px solid #AD1FEA",
              }
            }
          >
            <div
              className="RoadMapPost__header"
            >
              <h3
                className="RoadMapPost__heading"
              >
                <span
                  className="RoadMapPost__heading-disc"
                  style={
                    {
                      "backgroundColor": "#AD1FEA",
                    }
                  }
                />
                in-progress
              </h3>
              <h4
                className="RoadMapPost__sub-heading"
              >
                Bookmark challenges
              </h4>
              <p>
                Be able to bookmark challenges to take later on.
              </p>
            </div>
            <button
              className="Tag"
              disabled={true}
              onClick={[Function]}
              style={
                {
                  "backgroundColor": "#f2f4ff",
                  "cursor": "text",
                }
              }
            >
              feature
            </button>
            <div
              className="RoadMapPost__sub-content"
            >
              <button
                className="ScoreButton ScoreButton--road-map"
                disabled={false}
                onClick={[Function]}
                style={
                  {
                    "cursor": "pointer",
                  }
                }
              >
                <svg
                  height="7"
                  style={
                    {
                      "stroke": "#4661E6",
                    }
                  }
                  width="10"
                  xmlns="http://www.w3.org/2000/svg"
                >
                  <path
                    d="M1 6l4-4 4 4"
                    fill="none"
                    fillRule="evenodd"
                    strokeWidth="2"
                  />
                </svg>
                <span>
                  31
                </span>
              </button>
              <div
                className="PostComments"
              >
                <img
                  alt=""
                  height={16}
                  width={18}
                />
                <p
                  style={{}}
                >
                  1
                </p>
              </div>
            </div>
          </a>
          <a
            className="RoadMapPost"
            href="/feedbackdetail/11"
            onClick={[Function]}
            style={
              {
                "borderTop": "6px solid #AD1FEA",
              }
            }
          >
            <div
              className="RoadMapPost__header"
            >
              <h3
                className="RoadMapPost__heading"
              >
                <span
                  className="RoadMapPost__heading-disc"
                  style={
                    {
                      "backgroundColor": "#AD1FEA",
                    }
                  }
                />
                in-progress
              </h3>
              <h4
                className="RoadMapPost__sub-heading"
              >
                Animated solution screenshots
              </h4>
              <p>
                Screenshots of solutions with animations don’t display correctly.
              </p>
            </div>
            <button
              className="Tag"
              disabled={true}
              onClick={[Function]}
              style={
                {
                  "backgroundColor": "#f2f4ff",
                  "cursor": "text",
                }
              }
            >
              bug
            </button>
            <div
              className="RoadMapPost__sub-content"
            >
              <button
                className="ScoreButton ScoreButton--road-map"
                disabled={false}
                onClick={[Function]}
                style={
                  {
                    "cursor": "pointer",
                  }
                }
              >
                <svg
                  height="7"
                  style={
                    {
                      "stroke": "#4661E6",
                    }
                  }
                  width="10"
                  xmlns="http://www.w3.org/2000/svg"
                >
                  <path
                    d="M1 6l4-4 4 4"
                    fill="none"
                    fillRule="evenodd"
                    strokeWidth="2"
                  />
                </svg>
                <span>
                  9
                </span>
              </button>
              <div
                className="PostComments"
              >
                <img
                  alt=""
                  height={16}
                  width={18}
                />
                <p
                  style={
                    {
                      "opacity": "0.5",
                    }
                  }
                >
                  0
                </p>
              </div>
            </div>
          </a>
        </div>
      </div>
      <div
        className="RoadMapDetail"
      >
        <div
          className="RoadMapDetail__header"
        >
          <h3
            className="RoadMapDetail__heading"
          >
            Live
             (
            1
            )
          </h3>
          <p
            className="RoadMapDetail__paragraph"
          >
            Released features
          </p>
        </div>
        <div
          className="RoadMapDetail__content"
        >
          <a
            className="RoadMapPost"
            href="/feedbackdetail/12"
            onClick={[Function]}
            style={
              {
                "borderTop": "6px solid #62BCFA",
              }
            }
          >
            <div
              className="RoadMapPost__header"
            >
              <h3
                className="RoadMapPost__heading"
              >
                <span
                  className="RoadMapPost__heading-disc"
                  style={
                    {
                      "backgroundColor": "#62BCFA",
                    }
                  }
                />
                live
              </h3>
              <h4
                className="RoadMapPost__sub-heading"
              >
                Add micro-interactions
              </h4>
              <p>
                Small animations at specific points can add delight.
              </p>
            </div>
            <button
              className="Tag"
              disabled={true}
              onClick={[Function]}
              style={
                {
                  "backgroundColor": "#f2f4ff",
                  "cursor": "text",
                }
              }
            >
              enhancement
            </button>
            <div
              className="RoadMapPost__sub-content"
            >
              <button
                className="ScoreButton ScoreButton--road-map"
                disabled={false}
                onClick={[Function]}
                style={
                  {
                    "cursor": "pointer",
                  }
                }
              >
                <svg
                  height="7"
                  style={
                    {
                      "stroke": "#4661E6",
                    }
                  }
                  width="10"
                  xmlns="http://www.w3.org/2000/svg"
                >
                  <path
                    d="M1 6l4-4 4 4"
                    fill="none"
                    fillRule="evenodd"
                    strokeWidth="2"
                  />
                </svg>
                <span>
                  71
                </span>
              </button>
              <div
                className="PostComments"
              >
                <img
                  alt=""
                  height={16}
                  width={18}
                />
                <p
                  style={{}}
                >
                  1
                </p>
              </div>
            </div>
          </a>
        </div>
      </div>
    </div>
  </div>
</div>
`;
